[0.506s] Invoking command in '/root/ros2_ws/src/robot_bringup_pkg': PYTHONPATH=/root/ros2_ws/build/robot_bringup_pkg/prefix_override:/usr/lib/python3/dist-packages/colcon_core/task/python/colcon_distutils_commands:/root/ros2_ws/install/robot_bringup_pkg/lib/python3.10/site-packages:${PYTHONPATH} /usr/bin/python3 -W ignore:setup.py install is deprecated -W ignore:easy_install command is deprecated setup.py egg_info --egg-base ../../build/robot_bringup_pkg build --build-base /root/ros2_ws/build/robot_bringup_pkg/build install --record /root/ros2_ws/build/robot_bringup_pkg/install.log --single-version-externally-managed install_data
[0.677s] running egg_info
[0.677s] writing ../../build/robot_bringup_pkg/robot_bringup_pkg.egg-info/PKG-INFO
[0.677s] writing dependency_links to ../../build/robot_bringup_pkg/robot_bringup_pkg.egg-info/dependency_links.txt
[0.677s] writing entry points to ../../build/robot_bringup_pkg/robot_bringup_pkg.egg-info/entry_points.txt
[0.678s] writing requirements to ../../build/robot_bringup_pkg/robot_bringup_pkg.egg-info/requires.txt
[0.678s] writing top-level names to ../../build/robot_bringup_pkg/robot_bringup_pkg.egg-info/top_level.txt
[0.679s] reading manifest file '../../build/robot_bringup_pkg/robot_bringup_pkg.egg-info/SOURCES.txt'
[0.680s] writing manifest file '../../build/robot_bringup_pkg/robot_bringup_pkg.egg-info/SOURCES.txt'
[0.680s] running build
[0.680s] running build_py
[0.680s] running install
[0.680s] running install_lib
[0.681s] running install_data
[0.681s] copying urdf/humanoid.xacro -> /root/ros2_ws/install/robot_bringup_pkg/share/robot_bringup_pkg/urdf
[0.682s] running install_egg_info
[0.683s] removing '/root/ros2_ws/install/robot_bringup_pkg/lib/python3.10/site-packages/robot_bringup_pkg-0.0.0-py3.10.egg-info' (and everything under it)
[0.683s] Copying ../../build/robot_bringup_pkg/robot_bringup_pkg.egg-info to /root/ros2_ws/install/robot_bringup_pkg/lib/python3.10/site-packages/robot_bringup_pkg-0.0.0-py3.10.egg-info
[0.684s] running install_scripts
[0.700s] writing list of installed files to '/root/ros2_ws/build/robot_bringup_pkg/install.log'
[0.724s] Invoked command in '/root/ros2_ws/src/robot_bringup_pkg' returned '0': PYTHONPATH=/root/ros2_ws/build/robot_bringup_pkg/prefix_override:/usr/lib/python3/dist-packages/colcon_core/task/python/colcon_distutils_commands:/root/ros2_ws/install/robot_bringup_pkg/lib/python3.10/site-packages:${PYTHONPATH} /usr/bin/python3 -W ignore:setup.py install is deprecated -W ignore:easy_install command is deprecated setup.py egg_info --egg-base ../../build/robot_bringup_pkg build --build-base /root/ros2_ws/build/robot_bringup_pkg/build install --record /root/ros2_ws/build/robot_bringup_pkg/install.log --single-version-externally-managed install_data
