running egg_info
creating ../../build/robot_bringup_pkg/robot_bringup_pkg.egg-info
writing ../../build/robot_bringup_pkg/robot_bringup_pkg.egg-info/PKG-INFO
writing dependency_links to ../../build/robot_bringup_pkg/robot_bringup_pkg.egg-info/dependency_links.txt
writing entry points to ../../build/robot_bringup_pkg/robot_bringup_pkg.egg-info/entry_points.txt
writing requirements to ../../build/robot_bringup_pkg/robot_bringup_pkg.egg-info/requires.txt
writing top-level names to ../../build/robot_bringup_pkg/robot_bringup_pkg.egg-info/top_level.txt
writing manifest file '../../build/robot_bringup_pkg/robot_bringup_pkg.egg-info/SOURCES.txt'
reading manifest file '../../build/robot_bringup_pkg/robot_bringup_pkg.egg-info/SOURCES.txt'
writing manifest file '../../build/robot_bringup_pkg/robot_bringup_pkg.egg-info/SOURCES.txt'
running build
running build_py
creating /root/ros2_ws/build/robot_bringup_pkg/build
creating /root/ros2_ws/build/robot_bringup_pkg/build/lib
creating /root/ros2_ws/build/robot_bringup_pkg/build/lib/robot_bringup_pkg
copying robot_bringup_pkg/__init__.py -> /root/ros2_ws/build/robot_bringup_pkg/build/lib/robot_bringup_pkg
running install
running install_lib
creating /root/ros2_ws/install/robot_bringup_pkg/lib/python3.10/site-packages/robot_bringup_pkg
copying /root/ros2_ws/build/robot_bringup_pkg/build/lib/robot_bringup_pkg/__init__.py -> /root/ros2_ws/install/robot_bringup_pkg/lib/python3.10/site-packages/robot_bringup_pkg
byte-compiling /root/ros2_ws/install/robot_bringup_pkg/lib/python3.10/site-packages/robot_bringup_pkg/__init__.py to __init__.cpython-310.pyc
running install_data
creating /root/ros2_ws/install/robot_bringup_pkg/share/ament_index
creating /root/ros2_ws/install/robot_bringup_pkg/share/ament_index/resource_index
creating /root/ros2_ws/install/robot_bringup_pkg/share/ament_index/resource_index/packages
copying resource/robot_bringup_pkg -> /root/ros2_ws/install/robot_bringup_pkg/share/ament_index/resource_index/packages
copying package.xml -> /root/ros2_ws/install/robot_bringup_pkg/share/robot_bringup_pkg
creating /root/ros2_ws/install/robot_bringup_pkg/share/robot_bringup_pkg/launch
copying launch/spawnArm.launch.py -> /root/ros2_ws/install/robot_bringup_pkg/share/robot_bringup_pkg/launch
creating /root/ros2_ws/install/robot_bringup_pkg/share/robot_bringup_pkg/meshes
copying meshes/joint1_1.dae -> /root/ros2_ws/install/robot_bringup_pkg/share/robot_bringup_pkg/meshes
copying meshes/link1_1.dae -> /root/ros2_ws/install/robot_bringup_pkg/share/robot_bringup_pkg/meshes
copying meshes/joint1_2.dae -> /root/ros2_ws/install/robot_bringup_pkg/share/robot_bringup_pkg/meshes
copying meshes/base_link.dae -> /root/ros2_ws/install/robot_bringup_pkg/share/robot_bringup_pkg/meshes
copying meshes/link1_2.dae -> /root/ros2_ws/install/robot_bringup_pkg/share/robot_bringup_pkg/meshes
creating /root/ros2_ws/install/robot_bringup_pkg/share/robot_bringup_pkg/urdf
copying urdf/humanoidg.xacro -> /root/ros2_ws/install/robot_bringup_pkg/share/robot_bringup_pkg/urdf
copying urdf/humanoid.xacro -> /root/ros2_ws/install/robot_bringup_pkg/share/robot_bringup_pkg/urdf
creating /root/ros2_ws/install/robot_bringup_pkg/share/robot_bringup_pkg/config
copying config/controller.yaml -> /root/ros2_ws/install/robot_bringup_pkg/share/robot_bringup_pkg/config
copying config/gazebo_params.yaml -> /root/ros2_ws/install/robot_bringup_pkg/share/robot_bringup_pkg/config
running install_egg_info
Copying ../../build/robot_bringup_pkg/robot_bringup_pkg.egg-info to /root/ros2_ws/install/robot_bringup_pkg/lib/python3.10/site-packages/robot_bringup_pkg-0.0.0-py3.10.egg-info
running install_scripts
writing list of installed files to '/root/ros2_ws/build/robot_bringup_pkg/install.log'
