/root/ros2_ws/install/robot_bringup_pkg/lib/python3.10/site-packages/robot_bringup_pkg/__init__.py
/root/ros2_ws/install/robot_bringup_pkg/lib/python3.10/site-packages/robot_bringup_pkg/__pycache__/__init__.cpython-310.pyc
/root/ros2_ws/install/robot_bringup_pkg/share/ament_index/resource_index/packages/robot_bringup_pkg
/root/ros2_ws/install/robot_bringup_pkg/share/robot_bringup_pkg/package.xml
/root/ros2_ws/install/robot_bringup_pkg/share/robot_bringup_pkg/launch/spawnArm.launch.py
/root/ros2_ws/install/robot_bringup_pkg/share/robot_bringup_pkg/meshes/joint1_1.dae
/root/ros2_ws/install/robot_bringup_pkg/share/robot_bringup_pkg/meshes/link1_1.dae
/root/ros2_ws/install/robot_bringup_pkg/share/robot_bringup_pkg/meshes/joint1_2.dae
/root/ros2_ws/install/robot_bringup_pkg/share/robot_bringup_pkg/meshes/base_link.dae
/root/ros2_ws/install/robot_bringup_pkg/share/robot_bringup_pkg/meshes/link1_2.dae
/root/ros2_ws/install/robot_bringup_pkg/share/robot_bringup_pkg/urdf/humanoidg.xacro
/root/ros2_ws/install/robot_bringup_pkg/share/robot_bringup_pkg/urdf/humanoid.xacro
/root/ros2_ws/install/robot_bringup_pkg/share/robot_bringup_pkg/config/controller.yaml
/root/ros2_ws/install/robot_bringup_pkg/share/robot_bringup_pkg/config/gazebo_params.yaml
/root/ros2_ws/install/robot_bringup_pkg/lib/python3.10/site-packages/robot_bringup_pkg-0.0.0-py3.10.egg-info/PKG-INFO
/root/ros2_ws/install/robot_bringup_pkg/lib/python3.10/site-packages/robot_bringup_pkg-0.0.0-py3.10.egg-info/requires.txt
/root/ros2_ws/install/robot_bringup_pkg/lib/python3.10/site-packages/robot_bringup_pkg-0.0.0-py3.10.egg-info/dependency_links.txt
/root/ros2_ws/install/robot_bringup_pkg/lib/python3.10/site-packages/robot_bringup_pkg-0.0.0-py3.10.egg-info/zip-safe
/root/ros2_ws/install/robot_bringup_pkg/lib/python3.10/site-packages/robot_bringup_pkg-0.0.0-py3.10.egg-info/entry_points.txt
/root/ros2_ws/install/robot_bringup_pkg/lib/python3.10/site-packages/robot_bringup_pkg-0.0.0-py3.10.egg-info/top_level.txt
/root/ros2_ws/install/robot_bringup_pkg/lib/python3.10/site-packages/robot_bringup_pkg-0.0.0-py3.10.egg-info/SOURCES.txt
